 pyxis: reusing existing container filesystem
 pyxis: reusing existing container filesystem
 pyxis: reusing existing container filesystem
 pyxis: starting container ...
 pyxis: starting container ...
 pyxis: starting container ...
 pyxis: reusing existing container filesystem
 pyxis: starting container ...
 Starting to do nccl test, NIC=1, NCCL_IB_HCA=mlx5_0:1
 Starting to do nccl test, NIC=1, NCCL_IB_HCA=mlx5_0:1
 Starting to do nccl test, NIC=1, NCCL_IB_HCA=mlx5_0:1
 Starting to do nccl test, NIC=1, NCCL_IB_HCA=mlx5_0:1
 Starting to do nccl test, NIC=1, NCCL_IB_HCA=mlx5_0:1
 Starting to do nccl test, NIC=1, NCCL_IB_HCA=mlx5_0:1
 Starting to do nccl test, NIC=1, NCCL_IB_HCA=mlx5_0:1
 Starting to do nccl test, NIC=1, NCCL_IB_HCA=mlx5_0:1
 Starting to do nccl test, NIC=1, NCCL_IB_HCA=mlx5_0:1
 Starting to do nccl test, NIC=1, NCCL_IB_HCA=mlx5_0:1
 Starting to do nccl test, NIC=1, NCCL_IB_HCA=mlx5_0:1
 Starting to do nccl test, NIC=1, NCCL_IB_HCA=mlx5_0:1
 Starting to do nccl test, NIC=1, NCCL_IB_HCA=mlx5_0:1
 Starting to do nccl test, NIC=1, NCCL_IB_HCA=mlx5_0:1
 Starting to do nccl test, NIC=1, NCCL_IB_HCA=mlx5_0:1
 Starting to do nccl test, NIC=1, NCCL_IB_HCA=mlx5_0:1
 Starting to do nccl test, NIC=1, NCCL_IB_HCA=mlx5_0:1
 Starting to do nccl test, NIC=1, NCCL_IB_HCA=mlx5_0:1
 Starting to do nccl test, NIC=1, NCCL_IB_HCA=mlx5_0:1
 Starting to do nccl test, NIC=1, NCCL_IB_HCA=mlx5_0:1
 Starting to do nccl test, NIC=1, NCCL_IB_HCA=mlx5_0:1
 Starting to do nccl test, NIC=1, NCCL_IB_HCA=mlx5_0:1
 Starting to do nccl test, NIC=1, NCCL_IB_HCA=mlx5_0:1
 Starting to do nccl test, NIC=1, NCCL_IB_HCA=mlx5_0:1
 Starting to do nccl test, NIC=1, NCCL_IB_HCA=mlx5_0:1
 Starting to do nccl test, NIC=1, NCCL_IB_HCA=mlx5_0:1
 Starting to do nccl test, NIC=1, NCCL_IB_HCA=mlx5_0:1
 Starting to do nccl test, NIC=1, NCCL_IB_HCA=mlx5_0:1
 Starting to do nccl test, NIC=1, NCCL_IB_HCA=mlx5_0:1
 Starting to do nccl test, NIC=1, NCCL_IB_HCA=mlx5_0:1
 Starting to do nccl test, NIC=1, NCCL_IB_HCA=mlx5_0:1
 Starting to do nccl test, NIC=1, NCCL_IB_HCA=mlx5_0:1
 # nThread 1 nGpus 1 minBytes 8 maxBytes 8589934592 step: 2(factor) warmup iters: 5 iters: 20 validation: 1
 #
 # Using devices
 # Rank 0 Pid 3862161 on DGX-068 device 0 [0x07] A100-SXM4-40GB
 # Rank 1 Pid 3862147 on DGX-068 device 1 [0x0f] A100-SXM4-40GB
 # Rank 2 Pid 3862113 on DGX-068 device 2 [0x47] A100-SXM4-40GB
 # Rank 3 Pid 3862165 on DGX-068 device 3 [0x4e] A100-SXM4-40GB
 # Rank 4 Pid 3862163 on DGX-068 device 4 [0x87] A100-SXM4-40GB
 # Rank 5 Pid 3862156 on DGX-068 device 5 [0x90] A100-SXM4-40GB
 # Rank 6 Pid 3862137 on DGX-068 device 6 [0xb7] A100-SXM4-40GB
 # Rank 7 Pid 3862158 on DGX-068 device 7 [0xbd] A100-SXM4-40GB
 # Rank 8 Pid 3822642 on DGX-069 device 0 [0x07] A100-SXM4-40GB
 # Rank 9 Pid 3822632 on DGX-069 device 1 [0x0f] A100-SXM4-40GB
 # Rank 10 Pid 3822630 on DGX-069 device 2 [0x47] A100-SXM4-40GB
 # Rank 11 Pid 3822641 on DGX-069 device 3 [0x4e] A100-SXM4-40GB
 # Rank 12 Pid 3822589 on DGX-069 device 4 [0x87] A100-SXM4-40GB
 # Rank 13 Pid 3822631 on DGX-069 device 5 [0x90] A100-SXM4-40GB
 # Rank 14 Pid 3822639 on DGX-069 device 6 [0xb7] A100-SXM4-40GB
 # Rank 15 Pid 3822640 on DGX-069 device 7 [0xbd] A100-SXM4-40GB
 # Rank 16 Pid 3820284 on DGX-070 device 0 [0x07] A100-SXM4-40GB
 # Rank 17 Pid 3820232 on DGX-070 device 1 [0x0f] A100-SXM4-40GB
 # Rank 18 Pid 3820271 on DGX-070 device 2 [0x47] A100-SXM4-40GB
 # Rank 19 Pid 3820286 on DGX-070 device 3 [0x4e] A100-SXM4-40GB
 # Rank 20 Pid 3820287 on DGX-070 device 4 [0x87] A100-SXM4-40GB
 # Rank 21 Pid 3820279 on DGX-070 device 5 [0x90] A100-SXM4-40GB
 # Rank 22 Pid 3820276 on DGX-070 device 6 [0xb7] A100-SXM4-40GB
 # Rank 23 Pid 3820285 on DGX-070 device 7 [0xbd] A100-SXM4-40GB
 # Rank 24 Pid 3801134 on DGX-071 device 0 [0x07] A100-SXM4-40GB
 # Rank 25 Pid 3801131 on DGX-071 device 1 [0x0f] A100-SXM4-40GB
 # Rank 26 Pid 3801096 on DGX-071 device 2 [0x47] A100-SXM4-40GB
 # Rank 27 Pid 3801130 on DGX-071 device 3 [0x4e] A100-SXM4-40GB
 # Rank 28 Pid 3801111 on DGX-071 device 4 [0x87] A100-SXM4-40GB
 # Rank 29 Pid 3801126 on DGX-071 device 5 [0x90] A100-SXM4-40GB
 # Rank 30 Pid 3801133 on DGX-071 device 6 [0xb7] A100-SXM4-40GB
 # Rank 31 Pid 3801132 on DGX-071 device 7 [0xbd] A100-SXM4-40GB
 DGX-068:3862161:3862161 [0] NCCL INFO Bootstrap : Using ibp12s0:192.168.4.68<0>
 DGX-068:3862161:3862161 [0] NCCL INFO Plugin Path : /opt/hpcx/nccl_rdma_sharp_plugin/lib/libnccl-net.so
 DGX-068:3862161:3862161 [0] NCCL INFO P2P plugin IBext
 DGX-068:3862161:3862161 [0] NCCL INFO NET/IB : Using [0]mlx5_0:1/IB/SHARP ; OOB ibp12s0:192.168.4.68<0>
 DGX-068:3862161:3862161 [0] NCCL INFO Using network IBext
 NCCL version 2.9.9+cuda11.3
 DGX-068:3862156:3862156 [5] NCCL INFO Bootstrap : Using ibp12s0:192.168.4.68<0>
 DGX-068:3862156:3862156 [5] NCCL INFO Plugin Path : /opt/hpcx/nccl_rdma_sharp_plugin/lib/libnccl-net.so
 DGX-068:3862156:3862156 [5] NCCL INFO P2P plugin IBext
 DGX-068:3862147:3862147 [1] NCCL INFO Bootstrap : Using ibp12s0:192.168.4.68<0>
 DGX-068:3862147:3862147 [1] NCCL INFO Plugin Path : /opt/hpcx/nccl_rdma_sharp_plugin/lib/libnccl-net.so
 DGX-068:3862147:3862147 [1] NCCL INFO P2P plugin IBext
 DGX-068:3862163:3862163 [4] NCCL INFO Bootstrap : Using ibp12s0:192.168.4.68<0>
 DGX-068:3862163:3862163 [4] NCCL INFO Plugin Path : /opt/hpcx/nccl_rdma_sharp_plugin/lib/libnccl-net.so
 DGX-068:3862163:3862163 [4] NCCL INFO P2P plugin IBext
 DGX-068:3862113:3862113 [2] NCCL INFO Bootstrap : Using ibp12s0:192.168.4.68<0>
 DGX-068:3862137:3862137 [6] NCCL INFO Bootstrap : Using ibp12s0:192.168.4.68<0>
 DGX-068:3862113:3862113 [2] NCCL INFO Plugin Path : /opt/hpcx/nccl_rdma_sharp_plugin/lib/libnccl-net.so
 DGX-068:3862113:3862113 [2] NCCL INFO P2P plugin IBext
 DGX-068:3862137:3862137 [6] NCCL INFO Plugin Path : /opt/hpcx/nccl_rdma_sharp_plugin/lib/libnccl-net.so
 DGX-068:3862137:3862137 [6] NCCL INFO P2P plugin IBext
 DGX-068:3862165:3862165 [3] NCCL INFO Bootstrap : Using ibp12s0:192.168.4.68<0>
 DGX-068:3862158:3862158 [7] NCCL INFO Bootstrap : Using ibp12s0:192.168.4.68<0>
 DGX-068:3862165:3862165 [3] NCCL INFO Plugin Path : /opt/hpcx/nccl_rdma_sharp_plugin/lib/libnccl-net.so
 DGX-068:3862165:3862165 [3] NCCL INFO P2P plugin IBext
 DGX-068:3862158:3862158 [7] NCCL INFO Plugin Path : /opt/hpcx/nccl_rdma_sharp_plugin/lib/libnccl-net.so
 DGX-068:3862158:3862158 [7] NCCL INFO P2P plugin IBext
 DGX-068:3862147:3862147 [1] NCCL INFO NET/IB : Using [0]mlx5_0:1/IB/SHARP ; OOB ibp12s0:192.168.4.68<0>
 DGX-068:3862147:3862147 [1] NCCL INFO Using network IBext
 DGX-068:3862156:3862156 [5] NCCL INFO NET/IB : Using [0]mlx5_0:1/IB/SHARP ; OOB ibp12s0:192.168.4.68<0>
 DGX-068:3862156:3862156 [5] NCCL INFO Using network IBext
 DGX-068:3862163:3862163 [4] NCCL INFO NET/IB : Using [0]mlx5_0:1/IB/SHARP ; OOB ibp12s0:192.168.4.68<0>
 DGX-068:3862163:3862163 [4] NCCL INFO Using network IBext
 DGX-068:3862137:3862137 [6] NCCL INFO NET/IB : Using [0]mlx5_0:1/IB/SHARP ; OOB ibp12s0:192.168.4.68<0>
 DGX-068:3862137:3862137 [6] NCCL INFO Using network IBext
 DGX-068:3862113:3862113 [2] NCCL INFO NET/IB : Using [0]mlx5_0:1/IB/SHARP ; OOB ibp12s0:192.168.4.68<0>
 DGX-068:3862113:3862113 [2] NCCL INFO Using network IBext
 DGX-068:3862165:3862165 [3] NCCL INFO NET/IB : Using [0]mlx5_0:1/IB/SHARP ; OOB ibp12s0:192.168.4.68<0>
 DGX-068:3862158:3862158 [7] NCCL INFO NET/IB : Using [0]mlx5_0:1/IB/SHARP ; OOB ibp12s0:192.168.4.68<0>
 DGX-068:3862165:3862165 [3] NCCL INFO Using network IBext
 DGX-068:3862158:3862158 [7] NCCL INFO Using network IBext
 DGX-070:3820279:3820279 [5] NCCL INFO Bootstrap : Using ibp12s0:192.168.4.70<0>
 DGX-070:3820279:3820279 [5] NCCL INFO Plugin Path : /opt/hpcx/nccl_rdma_sharp_plugin/lib/libnccl-net.so
 DGX-070:3820279:3820279 [5] NCCL INFO P2P plugin IBext
 DGX-070:3820286:3820286 [3] NCCL INFO Bootstrap : Using ibp12s0:192.168.4.70<0>
 DGX-070:3820287:3820287 [4] NCCL INFO Bootstrap : Using ibp12s0:192.168.4.70<0>
 DGX-070:3820232:3820232 [1] NCCL INFO Bootstrap : Using ibp12s0:192.168.4.70<0>
 DGX-070:3820286:3820286 [3] NCCL INFO Plugin Path : /opt/hpcx/nccl_rdma_sharp_plugin/lib/libnccl-net.so
 DGX-070:3820286:3820286 [3] NCCL INFO P2P plugin IBext
 DGX-070:3820287:3820287 [4] NCCL INFO Plugin Path : /opt/hpcx/nccl_rdma_sharp_plugin/lib/libnccl-net.so
 DGX-070:3820287:3820287 [4] NCCL INFO P2P plugin IBext
 DGX-070:3820232:3820232 [1] NCCL INFO Plugin Path : /opt/hpcx/nccl_rdma_sharp_plugin/lib/libnccl-net.so
 DGX-070:3820232:3820232 [1] NCCL INFO P2P plugin IBext
 DGX-070:3820276:3820276 [6] NCCL INFO Bootstrap : Using ibp12s0:192.168.4.70<0>
 DGX-070:3820276:3820276 [6] NCCL INFO Plugin Path : /opt/hpcx/nccl_rdma_sharp_plugin/lib/libnccl-net.so
 DGX-070:3820276:3820276 [6] NCCL INFO P2P plugin IBext
 DGX-070:3820271:3820271 [2] NCCL INFO Bootstrap : Using ibp12s0:192.168.4.70<0>
 DGX-070:3820271:3820271 [2] NCCL INFO Plugin Path : /opt/hpcx/nccl_rdma_sharp_plugin/lib/libnccl-net.so
 DGX-070:3820271:3820271 [2] NCCL INFO P2P plugin IBext
 DGX-070:3820284:3820284 [0] NCCL INFO Bootstrap : Using ibp12s0:192.168.4.70<0>
 DGX-070:3820285:3820285 [7] NCCL INFO Bootstrap : Using ibp12s0:192.168.4.70<0>
 DGX-070:3820284:3820284 [0] NCCL INFO Plugin Path : /opt/hpcx/nccl_rdma_sharp_plugin/lib/libnccl-net.so
 DGX-070:3820284:3820284 [0] NCCL INFO P2P plugin IBext
 DGX-070:3820285:3820285 [7] NCCL INFO Plugin Path : /opt/hpcx/nccl_rdma_sharp_plugin/lib/libnccl-net.so
 DGX-070:3820285:3820285 [7] NCCL INFO P2P plugin IBext
 DGX-071:3801126:3801126 [5] NCCL INFO Bootstrap : Using ibp12s0:192.168.4.71<0>
 DGX-071:3801126:3801126 [5] NCCL INFO Plugin Path : /opt/hpcx/nccl_rdma_sharp_plugin/lib/libnccl-net.so
 DGX-071:3801126:3801126 [5] NCCL INFO P2P plugin IBext
 DGX-071:3801134:3801134 [0] NCCL INFO Bootstrap : Using ibp12s0:192.168.4.71<0>
 DGX-071:3801134:3801134 [0] NCCL INFO Plugin Path : /opt/hpcx/nccl_rdma_sharp_plugin/lib/libnccl-net.so
 DGX-071:3801134:3801134 [0] NCCL INFO P2P plugin IBext
 DGX-069:3822642:3822642 [0] NCCL INFO Bootstrap : Using ibp12s0:192.168.4.69<0>
 DGX-069:3822642:3822642 [0] NCCL INFO Plugin Path : /opt/hpcx/nccl_rdma_sharp_plugin/lib/libnccl-net.so
 DGX-069:3822642:3822642 [0] NCCL INFO P2P plugin IBext
 DGX-071:3801132:3801132 [7] NCCL INFO Bootstrap : Using ibp12s0:192.168.4.71<0>
 DGX-071:3801132:3801132 [7] NCCL INFO Plugin Path : /opt/hpcx/nccl_rdma_sharp_plugin/lib/libnccl-net.so
 DGX-071:3801132:3801132 [7] NCCL INFO P2P plugin IBext
 DGX-069:3822639:3822639 [6] NCCL INFO Bootstrap : Using ibp12s0:192.168.4.69<0>
 DGX-069:3822640:3822640 [7] NCCL INFO Bootstrap : Using ibp12s0:192.168.4.69<0>
 DGX-069:3822632:3822632 [1] NCCL INFO Bootstrap : Using ibp12s0:192.168.4.69<0>
 DGX-069:3822630:3822630 [2] NCCL INFO Bootstrap : Using ibp12s0:192.168.4.69<0>
 DGX-069:3822589:3822589 [4] NCCL INFO Bootstrap : Using ibp12s0:192.168.4.69<0>
 DGX-069:3822631:3822631 [5] NCCL INFO Bootstrap : Using ibp12s0:192.168.4.69<0>
 DGX-069:3822641:3822641 [3] NCCL INFO Bootstrap : Using ibp12s0:192.168.4.69<0>
 DGX-071:3801133:3801133 [6] NCCL INFO Bootstrap : Using ibp12s0:192.168.4.71<0>
 DGX-069:3822639:3822639 [6] NCCL INFO Plugin Path : /opt/hpcx/nccl_rdma_sharp_plugin/lib/libnccl-net.so
 DGX-069:3822639:3822639 [6] NCCL INFO P2P plugin IBext
 DGX-069:3822589:3822589 [4] NCCL INFO Plugin Path : /opt/hpcx/nccl_rdma_sharp_plugin/lib/libnccl-net.so
 DGX-069:3822589:3822589 [4] NCCL INFO P2P plugin IBext
 DGX-069:3822640:3822640 [7] NCCL INFO Plugin Path : /opt/hpcx/nccl_rdma_sharp_plugin/lib/libnccl-net.so
 DGX-069:3822640:3822640 [7] NCCL INFO P2P plugin IBext
 DGX-069:3822631:3822631 [5] NCCL INFO Plugin Path : /opt/hpcx/nccl_rdma_sharp_plugin/lib/libnccl-net.so
 DGX-069:3822631:3822631 [5] NCCL INFO P2P plugin IBext
 DGX-069:3822630:3822630 [2] NCCL INFO Plugin Path : /opt/hpcx/nccl_rdma_sharp_plugin/lib/libnccl-net.so
 DGX-069:3822630:3822630 [2] NCCL INFO P2P plugin IBext
 DGX-069:3822632:3822632 [1] NCCL INFO Plugin Path : /opt/hpcx/nccl_rdma_sharp_plugin/lib/libnccl-net.so
 DGX-069:3822632:3822632 [1] NCCL INFO P2P plugin IBext
 DGX-069:3822641:3822641 [3] NCCL INFO Plugin Path : /opt/hpcx/nccl_rdma_sharp_plugin/lib/libnccl-net.so
 DGX-069:3822641:3822641 [3] NCCL INFO P2P plugin IBext
 DGX-071:3801133:3801133 [6] NCCL INFO Plugin Path : /opt/hpcx/nccl_rdma_sharp_plugin/lib/libnccl-net.so
 DGX-071:3801133:3801133 [6] NCCL INFO P2P plugin IBext
 DGX-071:3801131:3801131 [1] NCCL INFO Bootstrap : Using ibp12s0:192.168.4.71<0>
 DGX-071:3801096:3801096 [2] NCCL INFO Bootstrap : Using ibp12s0:192.168.4.71<0>
 DGX-071:3801130:3801130 [3] NCCL INFO Bootstrap : Using ibp12s0:192.168.4.71<0>
 DGX-071:3801111:3801111 [4] NCCL INFO Bootstrap : Using ibp12s0:192.168.4.71<0>
 DGX-071:3801131:3801131 [1] NCCL INFO Plugin Path : /opt/hpcx/nccl_rdma_sharp_plugin/lib/libnccl-net.so
 DGX-071:3801131:3801131 [1] NCCL INFO P2P plugin IBext
 DGX-071:3801096:3801096 [2] NCCL INFO Plugin Path : /opt/hpcx/nccl_rdma_sharp_plugin/lib/libnccl-net.so
 DGX-071:3801096:3801096 [2] NCCL INFO P2P plugin IBext
 DGX-071:3801130:3801130 [3] NCCL INFO Plugin Path : /opt/hpcx/nccl_rdma_sharp_plugin/lib/libnccl-net.so
 DGX-071:3801130:3801130 [3] NCCL INFO P2P plugin IBext
 DGX-071:3801111:3801111 [4] NCCL INFO Plugin Path : /opt/hpcx/nccl_rdma_sharp_plugin/lib/libnccl-net.so
 DGX-071:3801111:3801111 [4] NCCL INFO P2P plugin IBext
 DGX-070:3820276:3820276 [6] NCCL INFO NET/IB : Using [0]mlx5_0:1/IB/SHARP ; OOB ibp12s0:192.168.4.70<0>
 DGX-070:3820276:3820276 [6] NCCL INFO Using network IBext
 DGX-070:3820232:3820232 [1] NCCL INFO NET/IB : Using [0]mlx5_0:1/IB/SHARP ; OOB ibp12s0:192.168.4.70<0>
 DGX-070:3820232:3820232 [1] NCCL INFO Using network IBext
 DGX-070:3820286:3820286 [3] NCCL INFO NET/IB : Using [0]mlx5_0:1/IB/SHARP ; OOB ibp12s0:192.168.4.70<0>
 DGX-070:3820286:3820286 [3] NCCL INFO Using network IBext
 DGX-070:3820287:3820287 [4] NCCL INFO NET/IB : Using [0]mlx5_0:1/IB/SHARP ; OOB ibp12s0:192.168.4.70<0>
 DGX-070:3820287:3820287 [4] NCCL INFO Using network IBext
 DGX-070:3820271:3820271 [2] NCCL INFO NET/IB : Using [0]mlx5_0:1/IB/SHARP ; OOB ibp12s0:192.168.4.70<0>
 DGX-070:3820271:3820271 [2] NCCL INFO Using network IBext
 DGX-070:3820285:3820285 [7] NCCL INFO NET/IB : Using [0]mlx5_0:1/IB/SHARP ; OOB ibp12s0:192.168.4.70<0>
 DGX-070:3820285:3820285 [7] NCCL INFO Using network IBext
 DGX-070:3820284:3820284 [0] NCCL INFO NET/IB : Using [0]mlx5_0:1/IB/SHARP ; OOB ibp12s0:192.168.4.70<0>
 DGX-070:3820284:3820284 [0] NCCL INFO Using network IBext
 DGX-070:3820279:3820279 [5] NCCL INFO NET/IB : Using [0]mlx5_0:1/IB/SHARP ; OOB ibp12s0:192.168.4.70<0>
 DGX-070:3820279:3820279 [5] NCCL INFO Using network IBext
 DGX-071:3801134:3801134 [0] NCCL INFO NET/IB : Using [0]mlx5_0:1/IB/SHARP ; OOB ibp12s0:192.168.4.71<0>
 DGX-071:3801134:3801134 [0] NCCL INFO Using network IBext
 DGX-071:3801126:3801126 [5] NCCL INFO NET/IB : Using [0]mlx5_0:1/IB/SHARP ; OOB ibp12s0:192.168.4.71<0>
 DGX-071:3801126:3801126 [5] NCCL INFO Using network IBext
 DGX-071:3801132:3801132 [7] NCCL INFO NET/IB : Using [0]mlx5_0:1/IB/SHARP ; OOB ibp12s0:192.168.4.71<0>
 DGX-071:3801132:3801132 [7] NCCL INFO Using network IBext
 DGX-071:3801133:3801133 [6] NCCL INFO NET/IB : Using [0]mlx5_0:1/IB/SHARP ; OOB ibp12s0:192.168.4.71<0>
 DGX-071:3801133:3801133 [6] NCCL INFO Using network IBext
 DGX-071:3801131:3801131 [1] NCCL INFO NET/IB : Using [0]mlx5_0:1/IB/SHARP ; OOB ibp12s0:192.168.4.71<0>
 DGX-071:3801131:3801131 [1] NCCL INFO Using network IBext
 DGX-071:3801096:3801096 [2] NCCL INFO NET/IB : Using [0]mlx5_0:1/IB/SHARP ; OOB ibp12s0:192.168.4.71<0>
 DGX-071:3801096:3801096 [2] NCCL INFO Using network IBext
 DGX-071:3801130:3801130 [3] NCCL INFO NET/IB : Using [0]mlx5_0:1/IB/SHARP ; OOB ibp12s0:192.168.4.71<0>
 DGX-071:3801130:3801130 [3] NCCL INFO Using network IBext
 DGX-071:3801111:3801111 [4] NCCL INFO NET/IB : Using [0]mlx5_0:1/IB/SHARP ; OOB ibp12s0:192.168.4.71<0>
 DGX-071:3801111:3801111 [4] NCCL INFO Using network IBext
 DGX-069:3822640:3822640 [7] NCCL INFO NET/IB : Using [0]mlx5_0:1/IB/SHARP ; OOB ibp12s0:192.168.4.69<0>
 DGX-069:3822640:3822640 [7] NCCL INFO Using network IBext
 DGX-069:3822630:3822630 [2] NCCL INFO NET/IB : Using [0]mlx5_0:1/IB/SHARP ; OOB ibp12s0:192.168.4.69<0>
 DGX-069:3822630:3822630 [2] NCCL INFO Using network IBext
 DGX-069:3822631:3822631 [5] NCCL INFO NET/IB : Using [0]mlx5_0:1/IB/SHARP ; OOB ibp12s0:192.168.4.69<0>
 DGX-069:3822631:3822631 [5] NCCL INFO Using network IBext
 DGX-069:3822641:3822641 [3] NCCL INFO NET/IB : Using [0]mlx5_0:1/IB/SHARP ; OOB ibp12s0:192.168.4.69<0>
 DGX-069:3822641:3822641 [3] NCCL INFO Using network IBext
 DGX-069:3822589:3822589 [4] NCCL INFO NET/IB : Using [0]mlx5_0:1/IB/SHARP ; OOB ibp12s0:192.168.4.69<0>
 DGX-069:3822589:3822589 [4] NCCL INFO Using network IBext
 DGX-069:3822639:3822639 [6] NCCL INFO NET/IB : Using [0]mlx5_0:1/IB/SHARP ; OOB ibp12s0:192.168.4.69<0>
 DGX-069:3822639:3822639 [6] NCCL INFO Using network IBext
 DGX-069:3822642:3822642 [0] NCCL INFO NET/IB : Using [0]mlx5_0:1/IB/SHARP ; OOB ibp12s0:192.168.4.69<0>
 DGX-069:3822642:3822642 [0] NCCL INFO Using network IBext
 DGX-069:3822632:3822632 [1] NCCL INFO NET/IB : Using [0]mlx5_0:1/IB/SHARP ; OOB ibp12s0:192.168.4.69<0>
 DGX-069:3822632:3822632 [1] NCCL INFO Using network IBext
 DGX-070:3820232:3820549 [1] NCCL INFO Trees [0] 18/8/-1->17->16 [1] 18/-1/-1->17->16
 DGX-070:3820232:3820549 [1] NCCL INFO Setting affinity for GPU 1 to ffff0000,00000000,00000000,00000000,ffff0000,00000000
 DGX-070:3820271:3820552 [2] NCCL INFO Trees [0] 19/-1/-1->18->17 [1] 19/-1/-1->18->17
 DGX-070:3820286:3820550 [3] NCCL INFO Trees [0] 20/-1/-1->19->18 [1] 20/-1/-1->19->18
 DGX-070:3820271:3820552 [2] NCCL INFO Setting affinity for GPU 2 to ffff0000,00000000,00000000,00000000,ffff0000
 DGX-070:3820286:3820550 [3] NCCL INFO Setting affinity for GPU 3 to ffff0000,00000000,00000000,00000000,ffff0000
 DGX-070:3820287:3820551 [4] NCCL INFO Trees [0] 21/-1/-1->20->19 [1] 21/-1/-1->20->19
 DGX-070:3820279:3820555 [5] NCCL INFO Trees [0] 22/-1/-1->21->20 [1] 22/-1/-1->21->20
 DGX-070:3820279:3820555 [5] NCCL INFO Setting affinity for GPU 5 to ffff0000,00000000,00000000,00000000,ffff0000,00000000,00000000,00000000
 DGX-070:3820287:3820551 [4] NCCL INFO Setting affinity for GPU 4 to ffff0000,00000000,00000000,00000000,ffff0000,00000000,00000000,00000000
 DGX-070:3820276:3820548 [6] NCCL INFO Trees [0] 23/-1/-1->22->21 [1] 23/-1/-1->22->21
 DGX-070:3820285:3820553 [7] NCCL INFO Trees [0] -1/-1/-1->23->22 [1] -1/-1/-1->23->22
 DGX-070:3820276:3820548 [6] NCCL INFO Setting affinity for GPU 6 to ffff0000,00000000,00000000,00000000,ffff0000,00000000,00000000
 DGX-071:3801111:3801472 [4] NCCL INFO Trees [0] 29/-1/-1->28->27 [1] 29/-1/-1->28->27
 DGX-071:3801111:3801472 [4] NCCL INFO Setting affinity for GPU 4 to ffff0000,00000000,00000000,00000000,ffff0000,00000000,00000000,00000000
 DGX-070:3820285:3820553 [7] NCCL INFO Setting affinity for GPU 7 to ffff0000,00000000,00000000,00000000,ffff0000,00000000,00000000
 DGX-071:3801134:3801465 [0] NCCL INFO Trees [0] 25/-1/-1->24->16 [1] 25/8/-1->24->-1
 DGX-068:3862161:3862384 [0] NCCL INFO Channel 00/02 : 0 7 6 5 4 3 2 1 8 15 14 13 12 11 10 9 16 23 22 21
 DGX-071:3801126:3801466 [5] NCCL INFO Trees [0] 30/-1/-1->29->28 [1] 30/-1/-1->29->28
 DGX-068:3862147:3862393 [1] NCCL INFO Trees [0] 2/-1/-1->1->0 [1] 2/-1/-1->1->0
 DGX-071:3801132:3801467 [7] NCCL INFO Trees [0] -1/-1/-1->31->30 [1] -1/-1/-1->31->30
 DGX-071:3801132:3801467 [7] NCCL INFO Setting affinity for GPU 7 to ffff0000,00000000,00000000,00000000,ffff0000,00000000,00000000
 DGX-068:3862147:3862393 [1] NCCL INFO Setting affinity for GPU 1 to ffff0000,00000000,00000000,00000000,ffff0000,00000000
 DGX-071:3801134:3801465 [0] NCCL INFO Setting affinity for GPU 0 to ffff0000,00000000,00000000,00000000,ffff0000,00000000
 DGX-068:3862113:3862397 [2] NCCL INFO Trees [0] 3/-1/-1->2->1 [1] 3/-1/-1->2->1
 DGX-071:3801130:3801471 [3] NCCL INFO Trees [0] 28/-1/-1->27->26 [1] 28/-1/-1->27->26
 DGX-068:3862165:3862398 [3] NCCL INFO Trees [0] 4/-1/-1->3->2 [1] 4/-1/-1->3->2
 DGX-071:3801126:3801466 [5] NCCL INFO Setting affinity for GPU 5 to ffff0000,00000000,00000000,00000000,ffff0000,00000000,00000000,00000000
 DGX-068:3862113:3862397 [2] NCCL INFO Setting affinity for GPU 2 to ffff0000,00000000,00000000,00000000,ffff0000
 DGX-071:3801130:3801471 [3] NCCL INFO Setting affinity for GPU 3 to ffff0000,00000000,00000000,00000000,ffff0000
 DGX-068:3862165:3862398 [3] NCCL INFO Setting affinity for GPU 3 to ffff0000,00000000,00000000,00000000,ffff0000
 DGX-070:3820284:3820554 [0] NCCL INFO Trees [0] 17/24/-1->16->0 [1] 17/-1/-1->16->9
 DGX-071:3801133:3801468 [6] NCCL INFO Trees [0] 31/-1/-1->30->29 [1] 31/-1/-1->30->29
 DGX-070:3820284:3820554 [0] NCCL INFO Setting affinity for GPU 0 to ffff0000,00000000,00000000,00000000,ffff0000,00000000
 DGX-071:3801133:3801468 [6] NCCL INFO Setting affinity for GPU 6 to ffff0000,00000000,00000000,00000000,ffff0000,00000000,00000000
 DGX-068:3862161:3862384 [0] NCCL INFO Channel 01/02 : 0 7 6 5 4 3 2 1 8 15 14 13 12 11 10 9 16 23 22 21
 DGX-068:3862161:3862384 [0] NCCL INFO Trees [0] 1/16/-1->0->-1 [1] 1/-1/-1->0->8
 DGX-071:3801131:3801469 [1] NCCL INFO Trees [0] 26/-1/-1->25->24 [1] 26/-1/-1->25->24
 DGX-068:3862161:3862384 [0] NCCL INFO Setting affinity for GPU 0 to ffff0000,00000000,00000000,00000000,ffff0000,00000000
 DGX-071:3801096:3801470 [2] NCCL INFO Trees [0] 27/-1/-1->26->25 [1] 27/-1/-1->26->25
 DGX-071:3801096:3801470 [2] NCCL INFO Setting affinity for GPU 2 to ffff0000,00000000,00000000,00000000,ffff0000
 DGX-071:3801131:3801469 [1] NCCL INFO Setting affinity for GPU 1 to ffff0000,00000000,00000000,00000000,ffff0000,00000000
 DGX-069:3822639:3822910 [6] NCCL INFO Trees [0] 15/-1/-1->14->13 [1] 15/-1/-1->14->13
 DGX-069:3822639:3822910 [6] NCCL INFO Setting affinity for GPU 6 to ffff0000,00000000,00000000,00000000,ffff0000,00000000,00000000
 DGX-069:3822640:3822905 [7] NCCL INFO Trees [0] -1/-1/-1->15->14 [1] -1/-1/-1->15->14
 DGX-069:3822631:3822907 [5] NCCL INFO Trees [0] 14/-1/-1->13->12 [1] 14/-1/-1->13->12
 DGX-069:3822631:3822907 [5] NCCL INFO Setting affinity for GPU 5 to ffff0000,00000000,00000000,00000000,ffff0000,00000000,00000000,00000000
 DGX-069:3822640:3822905 [7] NCCL INFO Setting affinity for GPU 7 to ffff0000,00000000,00000000,00000000,ffff0000,00000000,00000000
 DGX-068:3862163:3862395 [4] NCCL INFO Trees [0] 5/-1/-1->4->3 [1] 5/-1/-1->4->3
 DGX-068:3862163:3862395 [4] NCCL INFO Setting affinity for GPU 4 to ffff0000,00000000,00000000,00000000,ffff0000,00000000,00000000,00000000
 DGX-068:3862156:3862394 [5] NCCL INFO Trees [0] 6/-1/-1->5->4 [1] 6/-1/-1->5->4
 DGX-069:3822632:3822912 [1] NCCL INFO Trees [0] 10/-1/-1->9->8 [1] 10/16/-1->9->8
 DGX-069:3822632:3822912 [1] NCCL INFO Setting affinity for GPU 1 to ffff0000,00000000,00000000,00000000,ffff0000,00000000
 DGX-068:3862156:3862394 [5] NCCL INFO Setting affinity for GPU 5 to ffff0000,00000000,00000000,00000000,ffff0000,00000000,00000000,00000000
 DGX-069:3822641:3822908 [3] NCCL INFO Trees [0] 12/-1/-1->11->10 [1] 12/-1/-1->11->10
 DGX-069:3822641:3822908 [3] NCCL INFO Setting affinity for GPU 3 to ffff0000,00000000,00000000,00000000,ffff0000
 DGX-069:3822589:3822909 [4] NCCL INFO Trees [0] 13/-1/-1->12->11 [1] 13/-1/-1->12->11
 DGX-069:3822589:3822909 [4] NCCL INFO Setting affinity for GPU 4 to ffff0000,00000000,00000000,00000000,ffff0000,00000000,00000000,00000000
 DGX-069:3822630:3822906 [2] NCCL INFO Trees [0] 11/-1/-1->10->9 [1] 11/-1/-1->10->9
 DGX-069:3822630:3822906 [2] NCCL INFO Setting affinity for GPU 2 to ffff0000,00000000,00000000,00000000,ffff0000
 DGX-068:3862137:3862396 [6] NCCL INFO Trees [0] 7/-1/-1->6->5 [1] 7/-1/-1->6->5
 DGX-068:3862137:3862396 [6] NCCL INFO Setting affinity for GPU 6 to ffff0000,00000000,00000000,00000000,ffff0000,00000000,00000000
 DGX-069:3822642:3822911 [0] NCCL INFO Trees [0] 9/-1/-1->8->17 [1] 9/0/-1->8->24
 DGX-069:3822642:3822911 [0] NCCL INFO Setting affinity for GPU 0 to ffff0000,00000000,00000000,00000000,ffff0000,00000000
 DGX-068:3862158:3862399 [7] NCCL INFO Trees [0] -1/-1/-1->7->6 [1] -1/-1/-1->7->6
 DGX-068:3862158:3862399 [7] NCCL INFO Setting affinity for GPU 7 to ffff0000,00000000,00000000,00000000,ffff0000,00000000,00000000
 DGX-068:3862147:3862393 [1] NCCL INFO Channel 00 : 1[f000] -> 8[7000] [send] via NET/IBext/0/GDRDMA
 DGX-068:3862161:3862384 [0] NCCL INFO Channel 00 : 25[f000] -> 0[7000] [receive] via NET/IBext/0/GDRDMA
 DGX-070:3820232:3820549 [1] NCCL INFO Channel 00 : 17[f000] -> 24[7000] [send] via NET/IBext/0/GDRDMA
 DGX-068:3862147:3862393 [1] NCCL INFO Channel 01 : 1[f000] -> 8[7000] [send] via NET/IBext/0/GDRDMA
 DGX-068:3862161:3862384 [0] NCCL INFO Channel 01 : 25[f000] -> 0[7000] [receive] via NET/IBext/0/GDRDMA
 DGX-070:3820284:3820554 [0] NCCL INFO Channel 00 : 9[f000] -> 16[7000] [receive] via NET/IBext/0/GDRDMA
 DGX-071:3801131:3801469 [1] NCCL INFO Channel 00 : 25[f000] -> 0[7000] [send] via NET/IBext/0/GDRDMA
 DGX-070:3820232:3820549 [1] NCCL INFO Channel 01 : 17[f000] -> 24[7000] [send] via NET/IBext/0/GDRDMA
 DGX-071:3801134:3801465 [0] NCCL INFO Channel 00 : 17[f000] -> 24[7000] [receive] via NET/IBext/0/GDRDMA
 DGX-068:3862161:3862384 [0] NCCL INFO Channel 00 : 0[7000] -> 7[bd000] via P2P/IPC/read
 DGX-070:3820284:3820554 [0] NCCL INFO Channel 01 : 9[f000] -> 16[7000] [receive] via NET/IBext/0/GDRDMA
 DGX-069:3822632:3822912 [1] NCCL INFO Channel 00 : 9[f000] -> 16[7000] [send] via NET/IBext/0/GDRDMA
 DGX-071:3801131:3801469 [1] NCCL INFO Channel 01 : 25[f000] -> 0[7000] [send] via NET/IBext/0/GDRDMA
 DGX-068:3862113:3862397 [2] NCCL INFO Channel 00 : 2[47000] -> 1[f000] via P2P/IPC/read
 DGX-068:3862161:3862384 [0] NCCL INFO Channel 01 : 0[7000] -> 7[bd000] via P2P/IPC/read
 DGX-071:3801134:3801465 [0] NCCL INFO Channel 01 : 17[f000] -> 24[7000] [receive] via NET/IBext/0/GDRDMA
 DGX-068:3862156:3862394 [5] NCCL INFO Channel 00 : 5[90000] -> 4[87000] via P2P/IPC/read
 DGX-068:3862165:3862398 [3] NCCL INFO Channel 00 : 3[4e000] -> 2[47000] via P2P/IPC/read
 DGX-069:3822642:3822911 [0] NCCL INFO Channel 00 : 1[f000] -> 8[7000] [receive] via NET/IBext/0/GDRDMA
 DGX-068:3862163:3862395 [4] NCCL INFO Channel 00 : 4[87000] -> 3[4e000] via P2P/IPC/read
 DGX-070:3820284:3820554 [0] NCCL INFO Channel 00 : 16[7000] -> 23[bd000] via P2P/IPC/read
 DGX-068:3862137:3862396 [6] NCCL INFO Channel 00 : 6[b7000] -> 5[90000] via P2P/IPC/read
 DGX-070:3820271:3820552 [2] NCCL INFO Channel 00 : 18[47000] -> 17[f000] via P2P/IPC/read
 DGX-070:3820286:3820550 [3] NCCL INFO Channel 00 : 19[4e000] -> 18[47000] via P2P/IPC/read
 DGX-070:3820287:3820551 [4] NCCL INFO Channel 00 : 20[87000] -> 19[4e000] via P2P/IPC/read
 DGX-070:3820279:3820555 [5] NCCL INFO Channel 00 : 21[90000] -> 20[87000] via P2P/IPC/read
 DGX-070:3820276:3820548 [6] NCCL INFO Channel 00 : 22[b7000] -> 21[90000] via P2P/IPC/read
 DGX-068:3862113:3862397 [2] NCCL INFO Channel 01 : 2[47000] -> 1[f000] via P2P/IPC/read
 DGX-071:3801134:3801465 [0] NCCL INFO Channel 00 : 24[7000] -> 31[bd000] via P2P/IPC/read
 DGX-068:3862156:3862394 [5] NCCL INFO Channel 01 : 5[90000] -> 4[87000] via P2P/IPC/read
 DGX-068:3862165:3862398 [3] NCCL INFO Channel 01 : 3[4e000] -> 2[47000] via P2P/IPC/read
 DGX-068:3862163:3862395 [4] NCCL INFO Channel 01 : 4[87000] -> 3[4e000] via P2P/IPC/read
 DGX-068:3862137:3862396 [6] NCCL INFO Channel 01 : 6[b7000] -> 5[90000] via P2P/IPC/read
 DGX-070:3820284:3820554 [0] NCCL INFO Channel 01 : 16[7000] -> 23[bd000] via P2P/IPC/read
 DGX-070:3820286:3820550 [3] NCCL INFO Channel 01 : 19[4e000] -> 18[47000] via P2P/IPC/read
 DGX-071:3801126:3801466 [5] NCCL INFO Channel 00 : 29[90000] -> 28[87000] via P2P/IPC/read
 DGX-070:3820271:3820552 [2] NCCL INFO Channel 01 : 18[47000] -> 17[f000] via P2P/IPC/read
 DGX-071:3801133:3801468 [6] NCCL INFO Channel 00 : 30[b7000] -> 29[90000] via P2P/IPC/read
 DGX-070:3820287:3820551 [4] NCCL INFO Channel 01 : 20[87000] -> 19[4e000] via P2P/IPC/read
 DGX-070:3820279:3820555 [5] NCCL INFO Channel 01 : 21[90000] -> 20[87000] via P2P/IPC/read
 DGX-070:3820276:3820548 [6] NCCL INFO Channel 01 : 22[b7000] -> 21[90000] via P2P/IPC/read
 DGX-068:3862158:3862399 [7] NCCL INFO Channel 00 : 7[bd000] -> 6[b7000] via P2P/IPC/read
 DGX-071:3801130:3801471 [3] NCCL INFO Channel 00 : 27[4e000] -> 26[47000] via P2P/IPC/read
 DGX-071:3801111:3801472 [4] NCCL INFO Channel 00 : 28[87000] -> 27[4e000] via P2P/IPC/read
 DGX-071:3801096:3801470 [2] NCCL INFO Channel 00 : 26[47000] -> 25[f000] via P2P/IPC/read
 DGX-071:3801134:3801465 [0] NCCL INFO Channel 01 : 24[7000] -> 31[bd000] via P2P/IPC/read
 DGX-069:3822632:3822912 [1] NCCL INFO Channel 01 : 9[f000] -> 16[7000] [send] via NET/IBext/0/GDRDMA
 DGX-071:3801126:3801466 [5] NCCL INFO Channel 01 : 29[90000] -> 28[87000] via P2P/IPC/read
 DGX-068:3862158:3862399 [7] NCCL INFO Channel 01 : 7[bd000] -> 6[b7000] via P2P/IPC/read
 DGX-071:3801133:3801468 [6] NCCL INFO Channel 01 : 30[b7000] -> 29[90000] via P2P/IPC/read
 DGX-069:3822642:3822911 [0] NCCL INFO Channel 01 : 1[f000] -> 8[7000] [receive] via NET/IBext/0/GDRDMA
 DGX-071:3801130:3801471 [3] NCCL INFO Channel 01 : 27[4e000] -> 26[47000] via P2P/IPC/read
 DGX-069:3822641:3822908 [3] NCCL INFO Channel 00 : 11[4e000] -> 10[47000] via P2P/IPC/read
 DGX-071:3801096:3801470 [2] NCCL INFO Channel 01 : 26[47000] -> 25[f000] via P2P/IPC/read
 DGX-071:3801111:3801472 [4] NCCL INFO Channel 01 : 28[87000] -> 27[4e000] via P2P/IPC/read
 DGX-068:3862156:3862394 [5] NCCL INFO Connected all rings
 DGX-070:3820285:3820553 [7] NCCL INFO Channel 00 : 23[bd000] -> 22[b7000] via P2P/IPC/read
 DGX-068:3862163:3862395 [4] NCCL INFO Connected all rings
 DGX-068:3862165:3862398 [3] NCCL INFO Connected all rings
 DGX-069:3822589:3822909 [4] NCCL INFO Channel 00 : 12[87000] -> 11[4e000] via P2P/IPC/read
 DGX-069:3822642:3822911 [0] NCCL INFO Channel 00 : 8[7000] -> 15[bd000] via P2P/IPC/read
 DGX-069:3822631:3822907 [5] NCCL INFO Channel 00 : 13[90000] -> 12[87000] via P2P/IPC/read
 DGX-069:3822639:3822910 [6] NCCL INFO Channel 00 : 14[b7000] -> 13[90000] via P2P/IPC/read
 DGX-069:3822641:3822908 [3] NCCL INFO Channel 01 : 11[4e000] -> 10[47000] via P2P/IPC/read
 DGX-068:3862158:3862399 [7] NCCL INFO Connected all rings
 DGX-069:3822630:3822906 [2] NCCL INFO Channel 00 : 10[47000] -> 9[f000] via P2P/IPC/read
 DGX-069:3822589:3822909 [4] NCCL INFO Channel 01 : 12[87000] -> 11[4e000] via P2P/IPC/read
 DGX-069:3822642:3822911 [0] NCCL INFO Channel 01 : 8[7000] -> 15[bd000] via P2P/IPC/read
 DGX-069:3822631:3822907 [5] NCCL INFO Channel 01 : 13[90000] -> 12[87000] via P2P/IPC/read
 DGX-069:3822639:3822910 [6] NCCL INFO Channel 01 : 14[b7000] -> 13[90000] via P2P/IPC/read
 DGX-070:3820287:3820551 [4] NCCL INFO Connected all rings
 DGX-071:3801132:3801467 [7] NCCL INFO Channel 00 : 31[bd000] -> 30[b7000] via P2P/IPC/read
 DGX-068:3862161:3862384 [0] NCCL INFO Connected all rings
 DGX-070:3820286:3820550 [3] NCCL INFO Connected all rings
 DGX-069:3822630:3822906 [2] NCCL INFO Channel 01 : 10[47000] -> 9[f000] via P2P/IPC/read
 DGX-070:3820279:3820555 [5] NCCL INFO Connected all rings
 DGX-070:3820285:3820553 [7] NCCL INFO Channel 01 : 23[bd000] -> 22[b7000] via P2P/IPC/read
 DGX-071:3801132:3801467 [7] NCCL INFO Channel 01 : 31[bd000] -> 30[b7000] via P2P/IPC/read
 DGX-068:3862137:3862396 [6] NCCL INFO Connected all rings
 DGX-071:3801111:3801472 [4] NCCL INFO Connected all rings
 DGX-071:3801126:3801466 [5] NCCL INFO Connected all rings
 DGX-071:3801130:3801471 [3] NCCL INFO Connected all rings
 DGX-068:3862161:3862384 [0] NCCL INFO Channel 00 : 0[7000] -> 1[f000] via P2P/IPC/read
 DGX-068:3862156:3862394 [5] NCCL INFO Channel 00 : 5[90000] -> 6[b7000] via P2P/IPC/read
 DGX-068:3862163:3862395 [4] NCCL INFO Channel 00 : 4[87000] -> 5[90000] via P2P/IPC/read
 DGX-068:3862165:3862398 [3] NCCL INFO Channel 00 : 3[4e000] -> 4[87000] via P2P/IPC/read
 DGX-068:3862161:3862384 [0] NCCL INFO Channel 01 : 0[7000] -> 1[f000] via P2P/IPC/read
 DGX-070:3820285:3820553 [7] NCCL INFO Connected all rings
 DGX-068:3862163:3862395 [4] NCCL INFO Channel 01 : 4[87000] -> 5[90000] via P2P/IPC/read
 DGX-068:3862156:3862394 [5] NCCL INFO Channel 01 : 5[90000] -> 6[b7000] via P2P/IPC/read
 DGX-071:3801134:3801465 [0] NCCL INFO Connected all rings
 DGX-068:3862165:3862398 [3] NCCL INFO Channel 01 : 3[4e000] -> 4[87000] via P2P/IPC/read
 DGX-068:3862137:3862396 [6] NCCL INFO Channel 00 : 6[b7000] -> 7[bd000] via P2P/IPC/read
 DGX-069:3822640:3822905 [7] NCCL INFO Channel 00 : 15[bd000] -> 14[b7000] via P2P/IPC/read
 DGX-070:3820284:3820554 [0] NCCL INFO Connected all rings
 DGX-071:3801132:3801467 [7] NCCL INFO Connected all rings
 DGX-068:3862137:3862396 [6] NCCL INFO Channel 01 : 6[b7000] -> 7[bd000] via P2P/IPC/read
 DGX-071:3801131:3801469 [1] NCCL INFO Connected all rings
 DGX-069:3822589:3822909 [4] NCCL INFO Connected all rings
 DGX-069:3822631:3822907 [5] NCCL INFO Connected all rings
 DGX-070:3820287:3820551 [4] NCCL INFO Channel 00 : 20[87000] -> 21[90000] via P2P/IPC/read
 DGX-070:3820276:3820548 [6] NCCL INFO Connected all rings
 DGX-070:3820279:3820555 [5] NCCL INFO Channel 00 : 21[90000] -> 22[b7000] via P2P/IPC/read
 DGX-070:3820286:3820550 [3] NCCL INFO Channel 00 : 19[4e000] -> 20[87000] via P2P/IPC/read
 DGX-070:3820284:3820554 [0] NCCL INFO Channel 00 : 16[7000] -> 17[f000] via P2P/IPC/read
 DGX-069:3822641:3822908 [3] NCCL INFO Connected all rings
 DGX-068:3862163:3862395 [4] NCCL INFO Connected all trees
 DGX-068:3862163:3862395 [4] NCCL INFO threadThresholds 8/8/64 | 256/8/64 | 8/8/512
 DGX-068:3862163:3862395 [4] NCCL INFO 2 coll channels, 2 p2p channels, 1 p2p channels per peer
 DGX-068:3862163:3862395 [4] NCCL INFO comm 0x7f6c94000fa0 rank 4 nranks 32 cudaDev 4 busId 87000 - Init COMPLETE
 DGX-069:3822640:3822905 [7] NCCL INFO Channel 01 : 15[bd000] -> 14[b7000] via P2P/IPC/read
 DGX-071:3801134:3801465 [0] NCCL INFO Channel 00 : 24[7000] -> 25[f000] via P2P/IPC/read
 DGX-068:3862158:3862399 [7] NCCL INFO Connected all trees
 DGX-068:3862158:3862399 [7] NCCL INFO threadThresholds 8/8/64 | 256/8/64 | 8/8/512
 DGX-070:3820287:3820551 [4] NCCL INFO Channel 01 : 20[87000] -> 21[90000] via P2P/IPC/read
 DGX-070:3820279:3820555 [5] NCCL INFO Channel 01 : 21[90000] -> 22[b7000] via P2P/IPC/read
 DGX-070:3820286:3820550 [3] NCCL INFO Channel 01 : 19[4e000] -> 20[87000] via P2P/IPC/read
 DGX-068:3862158:3862399 [7] NCCL INFO 2 coll channels, 2 p2p channels, 1 p2p channels per peer
 DGX-068:3862158:3862399 [7] NCCL INFO comm 0x7fd6ec000fa0 rank 7 nranks 32 cudaDev 7 busId bd000 - Init COMPLETE
 DGX-070:3820284:3820554 [0] NCCL INFO Channel 01 : 16[7000] -> 17[f000] via P2P/IPC/read
 DGX-068:3862147:3862393 [1] NCCL INFO Connected all rings
 DGX-071:3801133:3801468 [6] NCCL INFO Connected all rings
 DGX-071:3801096:3801470 [2] NCCL INFO Connected all rings
 DGX-070:3820232:3820549 [1] NCCL INFO Connected all rings
 DGX-071:3801134:3801465 [0] NCCL INFO Channel 01 : 24[7000] -> 25[f000] via P2P/IPC/read
 DGX-071:3801111:3801472 [4] NCCL INFO Channel 00 : 28[87000] -> 29[90000] via P2P/IPC/read
 DGX-071:3801126:3801466 [5] NCCL INFO Channel 00 : 29[90000] -> 30[b7000] via P2P/IPC/read
 DGX-071:3801130:3801471 [3] NCCL INFO Channel 00 : 27[4e000] -> 28[87000] via P2P/IPC/read
 DGX-068:3862156:3862394 [5] NCCL INFO Connected all trees
 DGX-068:3862156:3862394 [5] NCCL INFO threadThresholds 8/8/64 | 256/8/64 | 8/8/512
 DGX-068:3862156:3862394 [5] NCCL INFO 2 coll channels, 2 p2p channels, 1 p2p channels per peer
 DGX-068:3862156:3862394 [5] NCCL INFO comm 0x7f7c78000fa0 rank 5 nranks 32 cudaDev 5 busId 90000 - Init COMPLETE
 DGX-068:3862137:3862396 [6] NCCL INFO Connected all trees
 DGX-068:3862137:3862396 [6] NCCL INFO threadThresholds 8/8/64 | 256/8/64 | 8/8/512
 DGX-068:3862137:3862396 [6] NCCL INFO 2 coll channels, 2 p2p channels, 1 p2p channels per peer
 DGX-068:3862137:3862396 [6] NCCL INFO comm 0x7f1194000fa0 rank 6 nranks 32 cudaDev 6 busId b7000 - Init COMPLETE
 DGX-071:3801111:3801472 [4] NCCL INFO Channel 01 : 28[87000] -> 29[90000] via P2P/IPC/read
 DGX-071:3801126:3801466 [5] NCCL INFO Channel 01 : 29[90000] -> 30[b7000] via P2P/IPC/read
 DGX-069:3822632:3822912 [1] NCCL INFO Connected all rings
 DGX-070:3820276:3820548 [6] NCCL INFO Channel 00 : 22[b7000] -> 23[bd000] via P2P/IPC/read
 DGX-071:3801130:3801471 [3] NCCL INFO Channel 01 : 27[4e000] -> 28[87000] via P2P/IPC/read
 DGX-069:3822642:3822911 [0] NCCL INFO Connected all rings
 DGX-071:3801131:3801469 [1] NCCL INFO Channel 00 : 25[f000] -> 26[47000] via P2P/IPC/read
 DGX-070:3820287:3820551 [4] NCCL INFO Connected all trees
 DGX-070:3820287:3820551 [4] NCCL INFO threadThresholds 8/8/64 | 256/8/64 | 8/8/512
 DGX-070:3820287:3820551 [4] NCCL INFO 2 coll channels, 2 p2p channels, 1 p2p channels per peer
 DGX-070:3820287:3820551 [4] NCCL INFO comm 0x7f0724000fa0 rank 20 nranks 32 cudaDev 4 busId 87000 - Init COMPLETE
 DGX-069:3822640:3822905 [7] NCCL INFO Connected all rings
 DGX-070:3820271:3820552 [2] NCCL INFO Connected all rings
 DGX-071:3801131:3801469 [1] NCCL INFO Channel 01 : 25[f000] -> 26[47000] via P2P/IPC/read
 DGX-068:3862113:3862397 [2] NCCL INFO Connected all rings
 DGX-071:3801096:3801470 [2] NCCL INFO Channel 00 : 26[47000] -> 27[4e000] via P2P/IPC/read
 DGX-068:3862147:3862393 [1] NCCL INFO Channel 00 : 1[f000] -> 2[47000] via P2P/IPC/read
 DGX-070:3820276:3820548 [6] NCCL INFO Channel 01 : 22[b7000] -> 23[bd000] via P2P/IPC/read
 DGX-071:3801133:3801468 [6] NCCL INFO Channel 00 : 30[b7000] -> 31[bd000] via P2P/IPC/read
 DGX-069:3822642:3822911 [0] NCCL INFO Channel 00 : 8[7000] -> 9[f000] via P2P/IPC/read
 DGX-071:3801111:3801472 [4] NCCL INFO Connected all trees
 DGX-071:3801111:3801472 [4] NCCL INFO threadThresholds 8/8/64 | 256/8/64 | 8/8/512
 DGX-071:3801096:3801470 [2] NCCL INFO Channel 01 : 26[47000] -> 27[4e000] via P2P/IPC/read
 DGX-071:3801111:3801472 [4] NCCL INFO 2 coll channels, 2 p2p channels, 1 p2p channels per peer
 DGX-071:3801111:3801472 [4] NCCL INFO comm 0x7f5b48000fa0 rank 28 nranks 32 cudaDev 4 busId 87000 - Init COMPLETE
 DGX-071:3801133:3801468 [6] NCCL INFO Channel 01 : 30[b7000] -> 31[bd000] via P2P/IPC/read
 DGX-068:3862147:3862393 [1] NCCL INFO Channel 01 : 1[f000] -> 2[47000] via P2P/IPC/read
 DGX-070:3820232:3820549 [1] NCCL INFO Channel 00 : 17[f000] -> 18[47000] via P2P/IPC/read
 DGX-069:3822589:3822909 [4] NCCL INFO Channel 00 : 12[87000] -> 13[90000] via P2P/IPC/read
 DGX-069:3822631:3822907 [5] NCCL INFO Channel 00 : 13[90000] -> 14[b7000] via P2P/IPC/read
 DGX-071:3801134:3801465 [0] NCCL INFO Channel 00 : 16[7000] -> 24[7000] [receive] via NET/IBext/0/GDRDMA
 DGX-068:3862113:3862397 [2] NCCL INFO Channel 00 : 2[47000] -> 3[4e000] via P2P/IPC/read
 DGX-069:3822630:3822906 [2] NCCL INFO Connected all rings
 DGX-068:3862113:3862397 [2] NCCL INFO Channel 01 : 2[47000] -> 3[4e000] via P2P/IPC/read
 DGX-070:3820285:3820553 [7] NCCL INFO Connected all trees
 DGX-070:3820285:3820553 [7] NCCL INFO threadThresholds 8/8/64 | 256/8/64 | 8/8/512
 DGX-070:3820285:3820553 [7] NCCL INFO 2 coll channels, 2 p2p channels, 1 p2p channels per peer
 DGX-069:3822641:3822908 [3] NCCL INFO Channel 00 : 11[4e000] -> 12[87000] via P2P/IPC/read
 DGX-069:3822639:3822910 [6] NCCL INFO Connected all rings
 DGX-070:3820285:3820553 [7] NCCL INFO comm 0x7f1550000fa0 rank 23 nranks 32 cudaDev 7 busId bd000 - Init COMPLETE
 DGX-068:3862161:3862384 [0] NCCL INFO Channel 01 : 0[7000] -> 8[7000] [send] via NET/IBext/0/GDRDMA
 DGX-070:3820232:3820549 [1] NCCL INFO Channel 01 : 17[f000] -> 18[47000] via P2P/IPC/read
 DGX-069:3822642:3822911 [0] NCCL INFO Channel 01 : 8[7000] -> 9[f000] via P2P/IPC/read
 DGX-069:3822589:3822909 [4] NCCL INFO Channel 01 : 12[87000] -> 13[90000] via P2P/IPC/read
 DGX-069:3822631:3822907 [5] NCCL INFO Channel 01 : 13[90000] -> 14[b7000] via P2P/IPC/read
 DGX-069:3822641:3822908 [3] NCCL INFO Channel 01 : 11[4e000] -> 12[87000] via P2P/IPC/read
 DGX-069:3822632:3822912 [1] NCCL INFO Channel 00 : 9[f000] -> 10[47000] via P2P/IPC/read
 DGX-070:3820279:3820555 [5] NCCL INFO Connected all trees
 DGX-070:3820279:3820555 [5] NCCL INFO threadThresholds 8/8/64 | 256/8/64 | 8/8/512
 DGX-070:3820279:3820555 [5] NCCL INFO 2 coll channels, 2 p2p channels, 1 p2p channels per peer
 DGX-071:3801132:3801467 [7] NCCL INFO Connected all trees
 DGX-071:3801132:3801467 [7] NCCL INFO threadThresholds 8/8/64 | 256/8/64 | 8/8/512
 DGX-070:3820279:3820555 [5] NCCL INFO comm 0x7f5210000fa0 rank 21 nranks 32 cudaDev 5 busId 90000 - Init COMPLETE
 DGX-070:3820276:3820548 [6] NCCL INFO Connected all trees
 DGX-070:3820276:3820548 [6] NCCL INFO threadThresholds 8/8/64 | 256/8/64 | 8/8/512
 DGX-070:3820276:3820548 [6] NCCL INFO 2 coll channels, 2 p2p channels, 1 p2p channels per peer
 DGX-071:3801132:3801467 [7] NCCL INFO 2 coll channels, 2 p2p channels, 1 p2p channels per peer
 DGX-070:3820271:3820552 [2] NCCL INFO Channel 00 : 18[47000] -> 19[4e000] via P2P/IPC/read
 DGX-070:3820276:3820548 [6] NCCL INFO comm 0x7fee04000fa0 rank 22 nranks 32 cudaDev 6 busId b7000 - Init COMPLETE
 DGX-071:3801132:3801467 [7] NCCL INFO comm 0x7fe988000fa0 rank 31 nranks 32 cudaDev 7 busId bd000 - Init COMPLETE
 DGX-068:3862165:3862398 [3] NCCL INFO Connected all trees
 DGX-068:3862165:3862398 [3] NCCL INFO threadThresholds 8/8/64 | 256/8/64 | 8/8/512
 DGX-069:3822632:3822912 [1] NCCL INFO Channel 01 : 9[f000] -> 10[47000] via P2P/IPC/read
 DGX-068:3862113:3862397 [2] NCCL INFO Connected all trees
 DGX-068:3862113:3862397 [2] NCCL INFO threadThresholds 8/8/64 | 256/8/64 | 8/8/512
 DGX-068:3862165:3862398 [3] NCCL INFO 2 coll channels, 2 p2p channels, 1 p2p channels per peer
 DGX-068:3862113:3862397 [2] NCCL INFO 2 coll channels, 2 p2p channels, 1 p2p channels per peer
 DGX-068:3862165:3862398 [3] NCCL INFO comm 0x7f9918000fa0 rank 3 nranks 32 cudaDev 3 busId 4e000 - Init COMPLETE
 DGX-068:3862113:3862397 [2] NCCL INFO comm 0x7f4674000fa0 rank 2 nranks 32 cudaDev 2 busId 47000 - Init COMPLETE
 DGX-069:3822630:3822906 [2] NCCL INFO Channel 00 : 10[47000] -> 11[4e000] via P2P/IPC/read
 DGX-071:3801130:3801471 [3] NCCL INFO Connected all trees
 DGX-069:3822639:3822910 [6] NCCL INFO Channel 00 : 14[b7000] -> 15[bd000] via P2P/IPC/read
 DGX-071:3801130:3801471 [3] NCCL INFO threadThresholds 8/8/64 | 256/8/64 | 8/8/512
 DGX-071:3801130:3801471 [3] NCCL INFO 2 coll channels, 2 p2p channels, 1 p2p channels per peer
 DGX-071:3801096:3801470 [2] NCCL INFO Connected all trees
 DGX-071:3801130:3801471 [3] NCCL INFO comm 0x7fda70000fa0 rank 27 nranks 32 cudaDev 3 busId 4e000 - Init COMPLETE
 DGX-071:3801096:3801470 [2] NCCL INFO threadThresholds 8/8/64 | 256/8/64 | 8/8/512
 DGX-071:3801096:3801470 [2] NCCL INFO 2 coll channels, 2 p2p channels, 1 p2p channels per peer
 DGX-071:3801096:3801470 [2] NCCL INFO comm 0x7f2750000fa0 rank 26 nranks 32 cudaDev 2 busId 47000 - Init COMPLETE
 DGX-070:3820271:3820552 [2] NCCL INFO Channel 01 : 18[47000] -> 19[4e000] via P2P/IPC/read
 DGX-068:3862147:3862393 [1] NCCL INFO Channel 00 : 1[f000] -> 0[7000] via P2P/IPC/read
 DGX-071:3801126:3801466 [5] NCCL INFO Connected all trees
 DGX-071:3801126:3801466 [5] NCCL INFO threadThresholds 8/8/64 | 256/8/64 | 8/8/512
 DGX-071:3801126:3801466 [5] NCCL INFO 2 coll channels, 2 p2p channels, 1 p2p channels per peer
 DGX-071:3801126:3801466 [5] NCCL INFO comm 0x7f7a38000fa0 rank 29 nranks 32 cudaDev 5 busId 90000 - Init COMPLETE
 DGX-068:3862147:3862393 [1] NCCL INFO Channel 01 : 1[f000] -> 0[7000] via P2P/IPC/read
 DGX-069:3822589:3822909 [4] NCCL INFO Connected all trees
 DGX-069:3822589:3822909 [4] NCCL INFO threadThresholds 8/8/64 | 256/8/64 | 8/8/512
 DGX-069:3822589:3822909 [4] NCCL INFO 2 coll channels, 2 p2p channels, 1 p2p channels per peer
 DGX-069:3822589:3822909 [4] NCCL INFO comm 0x7f7d6c000fa0 rank 12 nranks 32 cudaDev 4 busId 87000 - Init COMPLETE
 DGX-071:3801133:3801468 [6] NCCL INFO Connected all trees
 DGX-070:3820284:3820554 [0] NCCL INFO Channel 00 : 16[7000] -> 24[7000] [send] via NET/IBext/0/GDRDMA
 DGX-071:3801133:3801468 [6] NCCL INFO threadThresholds 8/8/64 | 256/8/64 | 8/8/512
 DGX-071:3801133:3801468 [6] NCCL INFO 2 coll channels, 2 p2p channels, 1 p2p channels per peer
 DGX-071:3801133:3801468 [6] NCCL INFO comm 0x7fda58000fa0 rank 30 nranks 32 cudaDev 6 busId b7000 - Init COMPLETE
 DGX-069:3822630:3822906 [2] NCCL INFO Channel 01 : 10[47000] -> 11[4e000] via P2P/IPC/read
 DGX-069:3822639:3822910 [6] NCCL INFO Channel 01 : 14[b7000] -> 15[bd000] via P2P/IPC/read
 DGX-071:3801131:3801469 [1] NCCL INFO Channel 00 : 25[f000] -> 24[7000] via P2P/IPC/read
 DGX-069:3822642:3822911 [0] NCCL INFO Channel 01 : 0[7000] -> 8[7000] [receive] via NET/IBext/0/GDRDMA
 DGX-071:3801131:3801469 [1] NCCL INFO Channel 01 : 25[f000] -> 24[7000] via P2P/IPC/read
 DGX-068:3862161:3862384 [0] NCCL INFO Channel 00 : 16[7000] -> 0[7000] [receive] via NET/IBext/0/GDRDMA
 DGX-068:3862161:3862384 [0] NCCL INFO Channel 00 : 0[7000] -> 16[7000] [send] via NET/IBext/0/GDRDMA
 DGX-071:3801134:3801465 [0] NCCL INFO Channel 01 : 8[7000] -> 24[7000] [receive] via NET/IBext/0/GDRDMA
 DGX-071:3801134:3801465 [0] NCCL INFO Channel 01 : 24[7000] -> 8[7000] [send] via NET/IBext/0/GDRDMA
 DGX-070:3820286:3820550 [3] NCCL INFO Connected all trees
 DGX-070:3820286:3820550 [3] NCCL INFO threadThresholds 8/8/64 | 256/8/64 | 8/8/512
 DGX-070:3820271:3820552 [2] NCCL INFO Connected all trees
 DGX-070:3820286:3820550 [3] NCCL INFO 2 coll channels, 2 p2p channels, 1 p2p channels per peer
 DGX-070:3820271:3820552 [2] NCCL INFO threadThresholds 8/8/64 | 256/8/64 | 8/8/512
 DGX-070:3820286:3820550 [3] NCCL INFO comm 0x7fb3b8000fa0 rank 19 nranks 32 cudaDev 3 busId 4e000 - Init COMPLETE
 DGX-070:3820271:3820552 [2] NCCL INFO 2 coll channels, 2 p2p channels, 1 p2p channels per peer
 DGX-069:3822640:3822905 [7] NCCL INFO Connected all trees
 DGX-070:3820271:3820552 [2] NCCL INFO comm 0x7f35b4000fa0 rank 18 nranks 32 cudaDev 2 busId 47000 - Init COMPLETE
 DGX-069:3822640:3822905 [7] NCCL INFO threadThresholds 8/8/64 | 256/8/64 | 8/8/512
 DGX-069:3822640:3822905 [7] NCCL INFO 2 coll channels, 2 p2p channels, 1 p2p channels per peer
 DGX-070:3820284:3820554 [0] NCCL INFO Channel 00 : 0[7000] -> 16[7000] [receive] via NET/IBext/0/GDRDMA
 DGX-069:3822640:3822905 [7] NCCL INFO comm 0x7fa5d8000fa0 rank 15 nranks 32 cudaDev 7 busId bd000 - Init COMPLETE
 DGX-070:3820232:3820549 [1] NCCL INFO Channel 00 : 8[7000] -> 17[f000] [receive] via NET/IBext/0/GDRDMA
 DGX-070:3820284:3820554 [0] NCCL INFO Channel 00 : 16[7000] -> 0[7000] [send] via NET/IBext/0/GDRDMA
 DGX-069:3822630:3822906 [2] NCCL INFO Connected all trees
 DGX-069:3822630:3822906 [2] NCCL INFO threadThresholds 8/8/64 | 256/8/64 | 8/8/512
 DGX-069:3822630:3822906 [2] NCCL INFO 2 coll channels, 2 p2p channels, 1 p2p channels per peer
 DGX-069:3822641:3822908 [3] NCCL INFO Connected all trees
 DGX-069:3822641:3822908 [3] NCCL INFO threadThresholds 8/8/64 | 256/8/64 | 8/8/512
 DGX-069:3822631:3822907 [5] NCCL INFO Connected all trees
 DGX-069:3822631:3822907 [5] NCCL INFO threadThresholds 8/8/64 | 256/8/64 | 8/8/512
 DGX-069:3822630:3822906 [2] NCCL INFO comm 0x7f8fd0000fa0 rank 10 nranks 32 cudaDev 2 busId 47000 - Init COMPLETE
 DGX-069:3822631:3822907 [5] NCCL INFO 2 coll channels, 2 p2p channels, 1 p2p channels per peer
 DGX-069:3822641:3822908 [3] NCCL INFO 2 coll channels, 2 p2p channels, 1 p2p channels per peer
 DGX-069:3822631:3822907 [5] NCCL INFO comm 0x7fdf78000fa0 rank 13 nranks 32 cudaDev 5 busId 90000 - Init COMPLETE
 DGX-069:3822641:3822908 [3] NCCL INFO comm 0x7f8c50000fa0 rank 11 nranks 32 cudaDev 3 busId 4e000 - Init COMPLETE
 DGX-069:3822639:3822910 [6] NCCL INFO Connected all trees
 DGX-069:3822639:3822910 [6] NCCL INFO threadThresholds 8/8/64 | 256/8/64 | 8/8/512
 DGX-069:3822639:3822910 [6] NCCL INFO 2 coll channels, 2 p2p channels, 1 p2p channels per peer
 DGX-069:3822639:3822910 [6] NCCL INFO comm 0x7f880c000fa0 rank 14 nranks 32 cudaDev 6 busId b7000 - Init COMPLETE
 DGX-068:3862161:3862384 [0] NCCL INFO Channel 01 : 8[7000] -> 0[7000] [receive] via NET/IBext/0/GDRDMA
 DGX-069:3822642:3822911 [0] NCCL INFO Channel 00 : 8[7000] -> 17[f000] [send] via NET/IBext/0/GDRDMA
 DGX-070:3820284:3820554 [0] NCCL INFO Channel 00 : 24[7000] -> 16[7000] [receive] via NET/IBext/0/GDRDMA
 DGX-069:3822632:3822912 [1] NCCL INFO Channel 01 : 16[7000] -> 9[f000] [receive] via NET/IBext/0/GDRDMA
 DGX-069:3822642:3822911 [0] NCCL INFO Channel 01 : 24[7000] -> 8[7000] [receive] via NET/IBext/0/GDRDMA
 DGX-070:3820232:3820549 [1] NCCL INFO Channel 00 : 17[f000] -> 8[7000] [send] via NET/IBext/0/GDRDMA
 DGX-069:3822642:3822911 [0] NCCL INFO Channel 01 : 8[7000] -> 24[7000] [send] via NET/IBext/0/GDRDMA
 DGX-071:3801134:3801465 [0] NCCL INFO Channel 00 : 24[7000] -> 16[7000] [send] via NET/IBext/0/GDRDMA
 DGX-069:3822642:3822911 [0] NCCL INFO Channel 00 : 17[f000] -> 8[7000] [receive] via NET/IBext/0/GDRDMA
 DGX-070:3820284:3820554 [0] NCCL INFO Channel 01 : 16[7000] -> 9[f000] [send] via NET/IBext/0/GDRDMA
 DGX-071:3801134:3801465 [0] NCCL INFO Connected all trees
 DGX-071:3801134:3801465 [0] NCCL INFO threadThresholds 8/8/64 | 256/8/64 | 8/8/512
 DGX-071:3801134:3801465 [0] NCCL INFO 2 coll channels, 2 p2p channels, 1 p2p channels per peer
 DGX-071:3801134:3801465 [0] NCCL INFO comm 0x7f49f4000fa0 rank 24 nranks 32 cudaDev 0 busId 7000 - Init COMPLETE
 DGX-071:3801131:3801469 [1] NCCL INFO Connected all trees
 DGX-071:3801131:3801469 [1] NCCL INFO threadThresholds 8/8/64 | 256/8/64 | 8/8/512
 DGX-071:3801131:3801469 [1] NCCL INFO 2 coll channels, 2 p2p channels, 1 p2p channels per peer
 DGX-071:3801131:3801469 [1] NCCL INFO comm 0x7f85f8000fa0 rank 25 nranks 32 cudaDev 1 busId f000 - Init COMPLETE
 DGX-070:3820232:3820549 [1] NCCL INFO Channel 00 : 17[f000] -> 16[7000] via P2P/IPC/read
 DGX-070:3820232:3820549 [1] NCCL INFO Channel 01 : 17[f000] -> 16[7000] via P2P/IPC/read
